// Jest Snapshot v1, https://goo.gl/fbAQLP

exports[`ComplianceReportsBCEID Should render the component 1`] = `
<div
  className="dashboard-fieldset compliance-exclusion-reports"
>
  <h1>
    Compliance & Exclusion Reports
  </h1>
  user
   has:
  <div>
    <br />
    <div
      className="value"
    >
      0
    </div>
    <div
      className="content"
    >
      <button
        onClick={[Function]}
        type="button"
      >
        Compliance & Exclusion Reports in Progress
      </button>
    </div>
  </div>
  <div>
    <div
      className="content"
    >
      <h2>
        View all reports:
      </h2>
      <div>
        <button
          onClick={[Function]}
          type="button"
        >
          Current compliance period
        </button>
         | 
        <button
          onClick={[Function]}
          type="button"
        >
          All/historical
        </button>
      </div>
    </div>
  </div>
  <div
    className="add-button"
  >
     
    <button
      onClick={[Function]}
      type="button"
    >
      Start a new compliance report or exclusion report
    </button>
  </div>
</div>
`;

exports[`ComplianceReportsBCEID Should render the component with complianceReports and creditTransfers 1`] = `
<div
  className="dashboard-fieldset compliance-exclusion-reports"
>
  <h1>
    Compliance & Exclusion Reports
  </h1>
  user
   has:
  <div>
    <br />
    <div
      className="value"
    >
      2
    </div>
    <div
      className="content"
    >
      <button
        onClick={[Function]}
        type="button"
      >
        Compliance & Exclusion Reports in Progress
      </button>
    </div>
  </div>
  <div>
    <div
      className="content"
    >
      <h2>
        View all reports:
      </h2>
      <div>
        <button
          onClick={[Function]}
          type="button"
        >
          Current compliance period
        </button>
         | 
        <button
          onClick={[Function]}
          type="button"
        >
          All/historical
        </button>
      </div>
    </div>
  </div>
  <div
    className="add-button"
  >
     
    <button
      onClick={[Function]}
      type="button"
    >
      Start a new compliance report or exclusion report
    </button>
  </div>
</div>
`;
